Android development environment loaded
  ANDROID_HOME: /nix/store/649264fjd0acvxshxh3vmkmksg4kb673-androidsdk/libexec/android-sdk
  ANDROID_NDK_HOME: /nix/store/649264fjd0acvxshxh3vmkmksg4kb673-androidsdk/libexec/android-sdk/ndk/29.0.14206865
  JAVA_HOME: /nix/store/p3ckxs1gmqir4m2b6yknbbka33da1y4m-openjdk-21.0.12.1+1
Starting a Gradle Daemon, 3 busy and 38 stopped Daemons could not be reused, use --status for details

> Configure project :app
WARNING: The option setting 'android.aapt2FromMavenOverride=/nix/store/649264fjd0acvxshxh3vmkmksg4kb673-androidsdk/libexec/android-sdk/build-tools/36.1.0/aapt2' is experimental.
Add android.sync.suppressAgpWarnings=UNSUPPORTED_PROJECT_OPTION_USE to the gradle.properties file to suppress this warning.

> Task :app:preBuild UP-TO-DATE
> Task :app:preFossDebugBuild UP-TO-DATE
> Task :app:mergeFossDebugNativeDebugMetadata NO-SOURCE
> Task :app:generateFossDebugBuildConfig
> Task :app:generateFossDebugResources UP-TO-DATE
> Task :app:packageFossDebugResources UP-TO-DATE
> Task :libraries:humla:preBuild UP-TO-DATE
> Task :libraries:humla:preDebugBuild UP-TO-DATE
> Task :libraries:humla:processDebugNavigationResources UP-TO-DATE
> Task :app:processFossDebugNavigationResources UP-TO-DATE
> Task :app:parseFossDebugLocalResources UP-TO-DATE
> Task :app:generateFossDebugRFile UP-TO-DATE
> Task :libraries:humla:generateDebugBuildConfig UP-TO-DATE
> Task :libraries:humla:protobufDummy UP-TO-DATE
> Task :libraries:humla:extractDebugProto UP-TO-DATE
> Task :libraries:humla:extractIncludeDebugProto UP-TO-DATE
> Task :libraries:humla:extractProto UP-TO-DATE
> Task :libraries:humla:generateDebugProto UP-TO-DATE
> Task :libraries:humla:generateDebugResources UP-TO-DATE
> Task :libraries:humla:packageDebugResources UP-TO-DATE
> Task :libraries:humla:parseDebugLocalResources UP-TO-DATE
> Task :libraries:humla:generateDebugRFile UP-TO-DATE
> Task :libraries:humla:compileDebugKotlin UP-TO-DATE
> Task :libraries:humla:javaPreCompileDebug UP-TO-DATE
> Task :libraries:humla:compileDebugJavaWithJavac UP-TO-DATE
> Task :libraries:humla:bundleLibCompileToJarDebug UP-TO-DATE
> Task :app:javaPreCompileFossDebug UP-TO-DATE
> Task :app:generateFossDebugAssets UP-TO-DATE
> Task :libraries:humla:generateDebugAssets UP-TO-DATE
> Task :libraries:humla:mergeDebugAssets UP-TO-DATE
> Task :app:mergeFossDebugAssets UP-TO-DATE
> Task :app:compressFossDebugAssets UP-TO-DATE
> Task :app:generateFossDebugGlobalSynthetics UP-TO-DATE
> Task :app:checkFossDebugDuplicateClasses UP-TO-DATE
> Task :app:desugarFossDebugFileDependencies UP-TO-DATE
> Task :app:mergeExtDexFossDebug UP-TO-DATE
> Task :libraries:humla:processDebugProtoResources SKIPPED
> Task :libraries:humla:processDebugJavaRes UP-TO-DATE
> Task :libraries:humla:bundleLibRuntimeToDirDebug UP-TO-DATE
> Task :libraries:humla:writeDebugAarMetadata UP-TO-DATE
> Task :app:checkFossDebugAarMetadata UP-TO-DATE
> Task :app:mergeLibDexFossDebug UP-TO-DATE
> Task :app:mapFossDebugSourceSetPaths UP-TO-DATE
> Task :app:compileFossDebugNavigationResources UP-TO-DATE
> Task :app:mergeFossDebugResources UP-TO-DATE
> Task :app:createFossDebugCompatibleScreenManifests
> Task :app:extractDeepLinksFossDebug UP-TO-DATE
> Task :libraries:humla:extractDeepLinksDebug UP-TO-DATE
> Task :libraries:humla:processDebugManifest UP-TO-DATE
> Task :app:compileFossDebugKotlin
> Task :app:processFossDebugMainManifest

> Task :app:compileFossDebugJavaWithJavac
Note: Some input files use or override a deprecated API.
Note: Recompile with -Xlint:deprecation for details.

> Task :app:processFossDebugJavaRes UP-TO-DATE
> Task :app:mergeFossDebugJavaResource UP-TO-DATE
> Task :app:processFossDebugManifest
> Task :libraries:humla:mapDebugSourceSetPaths UP-TO-DATE
> Task :libraries:humla:compileDebugLibraryResources UP-TO-DATE
> Task :app:mergeFossDebugJniLibFolders UP-TO-DATE

> Task :libraries:humla:configureCMakeDebug[arm64-v8a]
[CXX5304] Observed package id 'ndk;29.0.14206865' in inconsistent location '/nix/store/649264fjd0acvxshxh3vmkmksg4kb673-androidsdk/libexec/android-sdk/ndk-bundle' (Expected '/nix/store/649264fjd0acvxshxh3vmkmksg4kb673-androidsdk/libexec/android-sdk/ndk/29.0.14206865')
Add android.sync.suppressAgpWarnings=EXTERNAL_NATIVE_BUILD_CONFIGURATION to the gradle.properties file to suppress this warning.
[CXX5304] Observed package id 'ndk;29.0.14206865' in inconsistent location '/nix/store/649264fjd0acvxshxh3vmkmksg4kb673-androidsdk/libexec/android-sdk/ndk-bundle' (Expected '/nix/store/649264fjd0acvxshxh3vmkmksg4kb673-androidsdk/libexec/android-sdk/ndk/29.0.14206865')

> Task :libraries:humla:buildCMakeDebug[arm64-v8a]
> Task :libraries:humla:configureCMakeDebug[armeabi-v7a]
> Task :libraries:humla:buildCMakeDebug[armeabi-v7a]
> Task :libraries:humla:configureCMakeDebug[x86_64]
> Task :libraries:humla:buildCMakeDebug[x86_64]
> Task :libraries:humla:mergeDebugJniLibFolders UP-TO-DATE
> Task :libraries:humla:mergeDebugNativeLibs UP-TO-DATE
> Task :libraries:humla:copyDebugJniLibsProjectOnly UP-TO-DATE
> Task :app:mergeFossDebugNativeLibs UP-TO-DATE
> Task :app:stripFossDebugDebugSymbols UP-TO-DATE
> Task :app:validateSigningFossDebug UP-TO-DATE
> Task :app:writeFossDebugAppMetadata UP-TO-DATE
> Task :app:writeFossDebugSigningConfigVersions UP-TO-DATE
> Task :app:preFossDebugUnitTestBuild UP-TO-DATE
> Task :app:javaPreCompileFossDebugUnitTest UP-TO-DATE
> Task :app:mergeFossDebugUnitTestManifest
> Task :app:processFossDebugUnitTestManifest UP-TO-DATE
> Task :libraries:humla:bundleLibRuntimeToJarDebug UP-TO-DATE
> Task :libraries:humla:createFullJarDebug UP-TO-DATE
> Task :libraries:humla:extractIncludeDebugUnitTestProto UP-TO-DATE
> Task :libraries:humla:extractTestProto UP-TO-DATE
> Task :libraries:humla:generateDebugUnitTestProto NO-SOURCE
> Task :libraries:humla:preDebugUnitTestBuild UP-TO-DATE
> Task :libraries:humla:checkDebugUnitTestAarMetadata UP-TO-DATE
> Task :libraries:humla:mapDebugUnitTestSourceSetPaths UP-TO-DATE
> Task :libraries:humla:generateDebugUnitTestResources UP-TO-DATE
> Task :libraries:humla:mergeDebugUnitTestResources UP-TO-DATE
> Task :libraries:humla:mergeDebugUnitTestManifest UP-TO-DATE
> Task :libraries:humla:processDebugUnitTestManifest UP-TO-DATE
> Task :libraries:humla:processDebugUnitTestResources UP-TO-DATE
> Task :libraries:humla:compileDebugUnitTestKotlin UP-TO-DATE
> Task :libraries:humla:javaPreCompileDebugUnitTest UP-TO-DATE
> Task :libraries:humla:compileDebugUnitTestJavaWithJavac UP-TO-DATE
> Task :libraries:humla:generateDebugUnitTestAssets UP-TO-DATE
> Task :libraries:humla:mergeDebugUnitTestAssets UP-TO-DATE
> Task :libraries:humla:packageDebugUnitTestForUnitTest UP-TO-DATE
> Task :libraries:humla:generateDebugUnitTestConfig UP-TO-DATE
> Task :libraries:humla:processDebugUnitTestJavaRes UP-TO-DATE
> Task :libraries:humla:testDebugUnitTest UP-TO-DATE
> Task :libraries:humla:checkDebugAarMetadata UP-TO-DATE
> Task :libraries:humla:extractDebugAnnotations UP-TO-DATE
> Task :libraries:humla:extractDeepLinksForAarDebug UP-TO-DATE
> Task :libraries:humla:mergeDebugGeneratedProguardFiles UP-TO-DATE
> Task :libraries:humla:mergeDebugConsumerProguardFiles UP-TO-DATE
> Task :libraries:humla:prepareDebugArtProfile UP-TO-DATE
> Task :libraries:humla:prepareLintJarForPublish UP-TO-DATE
> Task :libraries:humla:mergeDebugJavaResource UP-TO-DATE
> Task :libraries:humla:syncDebugLibJars UP-TO-DATE
> Task :libraries:humla:bundleDebugLocalLintAar UP-TO-DATE
> Task :app:preFossDebugAndroidTestBuild SKIPPED
> Task :libraries:humla:writeDebugLintModelMetadata UP-TO-DATE
> Task :app:extractProguardFiles UP-TO-DATE
> Task :libraries:humla:extractProguardFiles UP-TO-DATE
> Task :libraries:humla:generateDebugLintModel UP-TO-DATE
> Task :app:generateFossDebugLintReportModel
> Task :libraries:humla:lintAnalyzeDebug UP-TO-DATE
> Task :libraries:humla:preDebugAndroidTestBuild UP-TO-DATE
> Task :libraries:humla:generateDebugAndroidTestLintModel UP-TO-DATE
> Task :libraries:humla:generateDebugUnitTestLintModel UP-TO-DATE
> Task :libraries:humla:lintAnalyzeDebugAndroidTest UP-TO-DATE
> Task :libraries:humla:lintAnalyzeDebugUnitTest UP-TO-DATE
> Task :app:processFossDebugManifestForPackage
> Task :app:processFossDebugResources
> Task :app:dexBuilderFossDebug
> Task :app:packageFossDebugUnitTestForUnitTest
> Task :app:bundleFossDebugClassesToCompileJar
> Task :app:bundleFossDebugClassesToRuntimeJar
> Task :app:generateFossDebugUnitTestConfig
> Task :app:mergeProjectDexFossDebug
> Task :app:generateFossDebugAndroidTestLintModel
> Task :app:generateFossDebugUnitTestLintModel
> Task :app:compileFossDebugUnitTestKotlin
> Task :app:compileFossDebugUnitTestJavaWithJavac NO-SOURCE
> Task :app:processFossDebugUnitTestJavaRes UP-TO-DATE
> Task :app:lintAnalyzeFossDebugAndroidTest
> Task :app:lintAnalyzeFossDebug
> Task :app:testFossDebugUnitTest
> Task :app:packageFossDebug
> Task :app:createFossDebugApkListingFileRedirect
> Task :app:assembleFossDebug
> Task :app:lintAnalyzeFossDebugUnitTest
> Task :app:lintReportFossDebug UP-TO-DATE
> Task :app:lintFossDebug

[Incubating] Problems report is available at: file:///home/becker/git/mumla-wt-audio/build/reports/problems/problems-report.html

BUILD SUCCESSFUL in 1m 10s
125 actionable tasks: 32 executed, 93 up-to-date
Consider enabling configuration cache to speed up this build: https://docs.gradle.org/9.7.1/userguide/configuration_cache_enabling.html
EXIT=0
