=== M24 : the plan's fallback restored; does a test state the migration decision? ===
M24      KILLED    tests=199 failed=1 34s se.lublin.humla.audio.capture.VoiceActivityDetectorTest.vad mode preference parsing defaults to the amplitude detector users have today
=== M25 : on-disk spelling replaced by the enum name ===
M25      KILLED    tests=199 failed=2 14s se.lublin.humla.audio.capture.VoiceActivityDetectorTest.vad mode preference parsing defaults to the amplitude detector users have today,se.lublin.humla.audio.capture.VoiceActivityDetectorTest.every vad mode keeps its on-disk value
=== M26 : on-disk value misspelt in the writing direction ===
M26      KILLED    tests=199 failed=1 11s se.lublin.humla.audio.capture.VoiceActivityDetectorTest.every vad mode keeps its on-disk value
=== M27 : lower bound of the start check dropped (the structurally masked survivor) ===
M27      KILLED    tests=199 failed=1 9s se.lublin.humla.audio.capture.VoiceActivityDetectorTest.each range check names the field it rejected
=== M28 : upper bound of the start check dropped ===
M28      KILLED    tests=199 failed=1 10s se.lublin.humla.audio.capture.VoiceActivityDetectorTest.a start threshold outside zero to one is rejected
=== M29 : lower bound of the stop check dropped (the second survivor) ===
M29      KILLED    tests=199 failed=1 10s se.lublin.humla.audio.capture.VoiceActivityDetectorTest.each range check names the field it rejected
=== M30 : upper bound of the stop check dropped ===
M30      KILLED    tests=199 failed=1 11s se.lublin.humla.audio.capture.VoiceActivityDetectorTest.stop threshold above start is rejected
=== M31 : the two messages made indistinguishable -- does startsWith really separate them? ===
M31      KILLED    tests=199 failed=1 12s se.lublin.humla.audio.capture.VoiceActivityDetectorTest.each range check names the field it rejected
=== M32 : hold-time lower bound weakened ===
M32      KILLED    tests=199 failed=1 13s se.lublin.humla.audio.capture.VoiceActivityDetectorTest.a negative hold time is rejected
=== M33 : B5's documented 0.15 hysteresis changed ===
M33      KILLED    tests=199 failed=3 19s se.lublin.humla.audio.capture.VoiceActivityDetectorTest.the amplitude slider is clamped into range rather than throwing,se.lublin.humla.audio.capture.VoiceActivityDetectorTest.amplitude config derives the stop threshold 0_15 below start,se.lublin.humla.audio.inputmode.ActivityInputModeTest.setThreshold keeps the configured hold time
=== M34 : stop clamp removed: a low slider makes stop negative -> mic latches on ===
M34      KILLED    tests=199 failed=4 15s se.lublin.humla.audio.capture.VoiceActivityDetectorTest.the amplitude slider is clamped into range rather than throwing,se.lublin.humla.audio.capture.VoiceActivityDetectorTest.an empty frame is not voice,se.lublin.humla.audio.capture.VoiceActivityDetectorTest.amplitude config derives the stop threshold 0_15 below start,se.lublin.humla.audio.inputmode.ActivityInputModeTest.the call HumlaService makes is a zero-threshold amplitude detector
=== M35 : slider clamp removed: an out-of-range preference now throws at the user ===
M35      KILLED    tests=199 failed=1 12s se.lublin.humla.audio.capture.VoiceActivityDetectorTest.the amplitude slider is clamped into range rather than throwing
=== M36 : B5 default start changed ===
M36      KILLED    tests=199 failed=3 12s se.lublin.humla.audio.capture.VoiceActivityDetectorTest.the probability defaults sit at these dBFS levels on the apm window,se.lublin.humla.audio.capture.VoiceActivityDetectorTest.probability defaults are start 0_6 stop 0_3 hold 250,se.lublin.humla.audio.inputmode.ActivityInputModeTest.setThreshold updates amplitude mode but does not clobber probability mode
=== M37 : B5 default stop changed ===
M37      KILLED    tests=199 failed=2 10s se.lublin.humla.audio.capture.VoiceActivityDetectorTest.the probability defaults sit at these dBFS levels on the apm window,se.lublin.humla.audio.capture.VoiceActivityDetectorTest.probability defaults are start 0_6 stop 0_3 hold 250
=== M38 : B5 default hold changed ===
M38      KILLED    tests=199 failed=3 15s se.lublin.humla.audio.capture.VoiceActivityDetectorTest.probability defaults are start 0_6 stop 0_3 hold 250,se.lublin.humla.audio.capture.VoiceActivityDetectorTest.amplitude config derives the stop threshold 0_15 below start,se.lublin.humla.audio.inputmode.ActivityInputModeTest.the call HumlaService makes is a zero-threshold amplitude detector
=== M39 : the deliberate probability-mode no-op removed ===
M39      KILLED    tests=199 failed=1 24s se.lublin.humla.audio.inputmode.ActivityInputModeTest.setThreshold updates amplitude mode but does not clobber probability mode
=== M40 : setThreshold does nothing at all ===
M40      KILLED    tests=199 failed=2 21s se.lublin.humla.audio.inputmode.ActivityInputModeTest.setThreshold keeps the configured hold time,se.lublin.humla.audio.inputmode.ActivityInputModeTest.setThreshold updates amplitude mode but does not clobber probability mode
=== M41 : plan defect 5: the slider resets the user's hold time ===
M41      KILLED    tests=199 failed=1 18s se.lublin.humla.audio.inputmode.ActivityInputModeTest.setThreshold keeps the configured hold time
=== M42 : the probability never reaches the detector ===
M42      KILLED    tests=199 failed=1 21s se.lublin.humla.audio.inputmode.ActivityInputModeTest.the probability argument reaches the detector
=== M43 : length replaced by the array size ===
M43      KILLED    tests=199 failed=1 16s se.lublin.humla.audio.inputmode.ActivityInputModeTest.only the first length samples are measured
=== M44 : the publication the reflection test pins ===
M44      KILLED    tests=199 failed=1 14s se.lublin.humla.audio.inputmode.ToggleInputModeTest.the talking flag is published
=== M45 : the wake-up removed: PTT never unblocks ===
PATTERN '                toggleCondition.signalAll()' occurs 0 times in libraries/humla/src/main/java/se/lublin/humla/audio/inputmode/ToggleInputMode.kt, expected 1
